
Allocating common symbols
Common symbol       size              file

netbufpool          0x4               binaries/net.o
readylist           0x2               binaries/ready.o
rfltab              0x5a0             binaries/rflinit.o
netportseed         0x8               binaries/net.o
sleepq              0x2               binaries/clkinit.o
nnames              0x4               binaries/naminit.o
udptab              0x168             binaries/udp.o
minheap             0x4               binaries/meminit.o
marks               0x50              binaries/mark.o
currpid             0x4               binaries/initialize.o
Lf_data             0x20c             binaries/lfsinit.o
porttab             0x2d0             binaries/ptinit.o
girmask             0x2               binaries/evec.o
ttytab              0x110             binaries/ttyinit.o
proctab             0x4970            binaries/initialize.o
prcount             0x4               binaries/initialize.o
lfltab              0xf00             binaries/lflinit.o
rdstab              0x8c              binaries/rdsinit.o
ethertab            0x138             binaries/ethinit.o
NetData             0xb0              binaries/net.o
nmarks              0x4               binaries/mark.o
Defer               0x8               binaries/resched.o
semtab              0x4b0             binaries/initialize.o
maxheap             0x4               binaries/meminit.o
preempt             0x4               binaries/clkinit.o
buftab              0xf0              binaries/bufinit.o
Rf_data             0x18              binaries/rfsinit.o
mkmutex             0x4               binaries/mark.o
clktime             0x4               binaries/clkinit.o
arpcache            0x140             binaries/arp.o
icmptab             0x230             binaries/icmp.o
nbpools             0x4               binaries/bufinit.o
queuetab            0x980             binaries/queue.o
ptnextid            0x4               binaries/ptinit.o
Ram                 0x19000           binaries/raminit.o
ipoqueue            0x2c              binaries/ip.o
memlist             0x8               binaries/initialize.o
nametab             0x19a0            binaries/naminit.o
ptfree              0x4               binaries/ptinit.o

Memory Configuration

Name             Origin             Length             Attributes
*default*        0x0000000000000000 0xffffffffffffffff

Linker script and memory map

                0x0000000000100000                physbase = 0x100000
                0x0000000000100000                . = physbase
                0x0000000000100000                . = ALIGN (0x1000)

.text           0x0000000000100000    0x1a000
                0x0000000000100000                text = ABSOLUTE (.)
 *(.text .text.*)
 .text          0x0000000000100000      0x1b4 binaries/start.o
                0x0000000000100024                start
                0x00000000001000f6                inb
                0x00000000001000fe                inw
                0x0000000000100107                inl
                0x000000000010010f                outb
                0x0000000000100119                outw
                0x0000000000100124                outl
                0x000000000010012e                _rtcin
                0x0000000000100139                ___udivsi3
                0x0000000000100144                ___divsi3
                0x0000000000100150                sbzero
                0x0000000000100160                insw
                0x0000000000100176                outsw
                0x000000000010018c                bcopy
                0x00000000001001a0                lidt
                0x00000000001001a8                cpuid
 .text          0x00000000001001b4      0x3e4 binaries/ascdate.o
                0x00000000001001b4                ascdate
 .text          0x0000000000100598       0x14 binaries/bufinit.o
                0x0000000000100598                bufinit
 .text          0x00000000001005ac       0x95 binaries/chprio.o
                0x00000000001005ac                chprio
 .text          0x0000000000100641       0x97 binaries/clkhandler.o
                0x0000000000100641                clkhandler
 .text          0x00000000001006d8       0x7e binaries/clkinit.o
                0x00000000001006d8                clkinit
 .text          0x0000000000100756       0x75 binaries/close.o
                0x0000000000100756                close
 .text          0x00000000001007cb        0x0 binaries/conf.o
 .text          0x00000000001007cb       0x7b binaries/control.o
                0x00000000001007cb                control
 .text          0x0000000000100846      0x30a binaries/create.o
                0x0000000000100846                create
 .text          0x0000000000100b50      0x29e binaries/early_imr.o
                0x0000000000100b50                intel_cln_early_sb_read_reg
                0x0000000000100bd0                intel_cln_early_sb_write_reg
                0x0000000000100d63                remove_irm_protections
 .text          0x0000000000100dee      0x448 binaries/evec.o
                0x0000000000100dee                initevec
                0x0000000000100eea                set_evec
                0x0000000000100f8c                setirmask
                0x0000000000100fe6                trap
 .text          0x0000000000101236       0x1a binaries/exit.o
                0x0000000000101236                exit
 .text          0x0000000000101250       0x8c binaries/freebuf.o
                0x0000000000101250                freebuf
 .text          0x00000000001012dc      0x172 binaries/freemem.o
                0x00000000001012dc                freemem
 .text          0x000000000010144e       0x8a binaries/getbuf.o
                0x000000000010144e                getbuf
 .text          0x00000000001014d8       0x75 binaries/getc.o
                0x00000000001014d8                getc
 .text          0x000000000010154d       0x73 binaries/getdev.o
                0x000000000010154d                getdev
 .text          0x00000000001015c0       0xd0 binaries/getitem.o
                0x00000000001015c0                getfirst
                0x0000000000101605                getlast
                0x000000000010164c                getitem
 .text          0x0000000000101690      0x10a binaries/getmem.o
                0x0000000000101690                getmem
 .text          0x000000000010179a        0xa binaries/getpid.o
                0x000000000010179a                getpid
 .text          0x00000000001017a4       0x7c binaries/getprio.o
                0x00000000001017a4                getprio
 .text          0x0000000000101820       0xfb binaries/getstk.o
                0x0000000000101820                getstk
 .text          0x000000000010191b       0x16 binaries/getticks.o
                0x000000000010191b                getticks
 .text          0x0000000000101931       0x3a binaries/gettime.o
                0x0000000000101931                gettime
 .text          0x000000000010196b      0x1e2 binaries/getutime.o
                0x000000000010196b                getutime
 .text          0x0000000000101b4d       0x75 binaries/init.o
                0x0000000000101b4d                init
 .text          0x0000000000101bc2      0x3c9 binaries/initialize.o
                0x0000000000101bc2                nulluser
                0x0000000000101f32                stop
                0x0000000000101f5d                delay
 .text          0x0000000000101f8b       0xde binaries/insert.o
                0x0000000000101f8b                insert
 .text          0x0000000000102069      0x110 binaries/insertd.o
                0x0000000000102069                insertd
 .text          0x0000000000102179       0xae binaries/insertm.o
                0x0000000000102179                insertm
 .text          0x0000000000102227        0xa binaries/ioerr.o
                0x0000000000102227                ioerr
 .text          0x0000000000102231        0xa binaries/ionull.o
                0x0000000000102231                ionull
 .text          0x000000000010223b      0x19c binaries/kill.o
                0x000000000010223b                kill
 .text          0x00000000001023d7      0x138 binaries/kprintf.o
                0x00000000001023d7                kputc
                0x0000000000102462                kgetc
                0x00000000001024e5                kprintf
 .text          0x000000000010250f      0x5a2 binaries/main.o
                0x000000000010250f                main
                0x0000000000102557                Task2Test
                0x00000000001025dd                Task2Producer
                0x0000000000102627                Task2Consumer
                0x00000000001026a5                Task3Test
                0x00000000001028ca                Task3Producer
                0x0000000000102949                Task3Consumer
                0x00000000001029b2                Task3Allocator
 .text          0x0000000000102ab1       0xb6 binaries/mark.o
                0x0000000000102ab1                markinit
                0x0000000000102ad6                mark
 .text          0x0000000000102b67      0x2ce binaries/meminit.o
                0x0000000000102b67                meminit
                0x0000000000102d8e                setsegs
 .text          0x0000000000102e35      0x174 binaries/mkbufpool.o
                0x0000000000102e35                mkbufpool
 .text          0x0000000000102fa9       0x94 binaries/newqueue.o
                0x0000000000102fa9                newqueue
 .text          0x000000000010303d       0x7b binaries/open.o
                0x000000000010303d                open
 .text          0x00000000001030b8       0x20 binaries/panic.o
                0x00000000001030b8                panic
 .text          0x00000000001030d8      0x41b binaries/pci.o
                0x00000000001030d8                pci_init
                0x0000000000103162                find_pci_device
                0x0000000000103249                pci_read_config_byte
                0x00000000001032a7                pci_read_config_word
                0x0000000000103307                pci_read_config_dword
                0x0000000000103365                pci_write_config_byte
                0x00000000001033c7                pci_write_config_word
                0x000000000010342b                pci_write_config_dword
                0x0000000000103487                pci_get_dev_mmio_base_addr
 .text          0x00000000001034f3       0xca binaries/platinit.o
                0x00000000001034f3                cpu_is_quark
                0x0000000000103510                console_init
                0x0000000000103559                platinit
 .text          0x00000000001035bd       0xf1 binaries/ptclear.o
                0x00000000001035bd                _ptclear
 .text          0x00000000001036ae       0x9d binaries/ptcount.o
                0x00000000001036ae                ptcount
 .text          0x000000000010374b      0x116 binaries/ptcreate.o
                0x000000000010374b                ptcreate
 .text          0x0000000000103861       0x7f binaries/ptdelete.o
                0x0000000000103861                ptdelete
 .text          0x00000000001038e0       0xbd binaries/ptinit.o
                0x00000000001038e0                ptinit
 .text          0x000000000010399d      0x11b binaries/ptrecv.o
                0x000000000010399d                ptrecv
 .text          0x0000000000103ab8       0x77 binaries/ptreset.o
                0x0000000000103ab8                ptreset
 .text          0x0000000000103b2f      0x13d binaries/ptsend.o
                0x0000000000103b2f                ptsend
 .text          0x0000000000103c6c       0x80 binaries/putc.o
                0x0000000000103c6c                putc
 .text          0x0000000000103cec       0xcc binaries/quark_irq.o
                0x0000000000103cec                quark_irq_routing
 .text          0x0000000000103db8      0x1e9 binaries/quark_pdat.o
                0x0000000000103db8                get_quark_pdat_entry_data_by_id
                0x0000000000103ea7                get_quark_pdat_entry_data_by_desc
 .text          0x0000000000103fa1      0x111 binaries/queue.o
                0x0000000000103fa1                enqueue
                0x0000000000104045                dequeue
 .text          0x00000000001040b2       0xdb binaries/RcvMsg.o
                0x00000000001040b2                RcvMsg
 .text          0x000000000010418d        0xa binaries/RcvMsgWait.o
                0x000000000010418d                RcvMsgWait
 .text          0x0000000000104197       0x7b binaries/read.o
                0x0000000000104197                read
 .text          0x0000000000104212       0x80 binaries/ready.o
                0x0000000000104212                ready
 .text          0x0000000000104292       0x64 binaries/receive.o
                0x0000000000104292                receive
 .text          0x00000000001042f6       0x60 binaries/recvclr.o
                0x00000000001042f6                recvclr
 .text          0x0000000000104356       0xbf binaries/recvtime.o
                0x0000000000104356                recvtime
 .text          0x0000000000104415      0x172 binaries/resched.o
                0x0000000000104415                resched
                0x0000000000104512                resched_cntl
 .text          0x0000000000104587       0xb2 binaries/resume.o
                0x0000000000104587                resume
 .text          0x0000000000104639       0x79 binaries/seek.o
                0x0000000000104639                seek
 .text          0x00000000001046b2       0x6f binaries/semcount.o
                0x00000000001046b2                semcount
 .text          0x0000000000104721       0xd5 binaries/semcreate.o
                0x0000000000104721                semcreate
 .text          0x00000000001047f6       0xcd binaries/semdelete.o
                0x00000000001047f6                semdelete
 .text          0x00000000001048c3       0xcb binaries/semreset.o
                0x00000000001048c3                semreset
 .text          0x000000000010498e       0xee binaries/send.o
                0x000000000010498e                send
 .text          0x0000000000104a7c       0xa5 binaries/SendMsg.o
                0x0000000000104a7c                SendMsg
 .text          0x0000000000104b21       0xa8 binaries/signal.o
                0x0000000000104b21                signal
 .text          0x0000000000104bc9       0xd6 binaries/signaln.o
                0x0000000000104bc9                signaln
 .text          0x0000000000104c9f       0xee binaries/sleep.o
                0x0000000000104c9f                sleep
                0x0000000000104ced                sleepms
 .text          0x0000000000104d8d      0x1a4 binaries/stacktrace.o
                0x0000000000104d8d                stacktrace
 .text          0x0000000000104f31       0xe8 binaries/suspend.o
                0x0000000000104f31                suspend
 .text          0x0000000000105019       0xea binaries/unsleep.o
                0x0000000000105019                unsleep
 .text          0x0000000000105103       0x1a binaries/userret.o
                0x0000000000105103                userret
 .text          0x000000000010511d       0xdf binaries/wait.o
                0x000000000010511d                wait
 .text          0x00000000001051fc       0x72 binaries/wakeup.o
                0x00000000001051fc                wakeup
 .text          0x000000000010526e       0x7b binaries/write.o
                0x000000000010526e                write
 .text          0x00000000001052e9       0x1e binaries/xdone.o
                0x00000000001052e9                xdone
 .text          0x0000000000105307       0x28 binaries/yield.o
                0x0000000000105307                yield
 .text          0x000000000010532f       0x11 binaries/abs.o
                0x000000000010532f                abs
 .text          0x0000000000105340       0x8f binaries/atoi.o
                0x0000000000105340                atoi
 .text          0x00000000001053cf       0x8f binaries/atol.o
                0x00000000001053cf                atol
 .text          0x000000000010545e       0x32 binaries/bzero.o
                0x000000000010545e                bzero
 .text          0x0000000000105490        0x0 binaries/ctype_.o
 .text          0x0000000000105490      0x8ed binaries/doprnt.o
                0x0000000000105490                _doprnt
 .text          0x0000000000105d7d      0x66b binaries/doscan.o
                0x0000000000105d7d                _doscan
 .text          0x00000000001063e8      0x716 binaries/fdoprnt.o
                0x00000000001063e8                _fdoprnt
 .text          0x0000000000106afe       0x29 binaries/fgetc.o
                0x0000000000106afe                fgetc
 .text          0x0000000000106b27       0x75 binaries/fgets.o
                0x0000000000106b27                fgets
 .text          0x0000000000106b9c       0x2a binaries/fprintf.o
                0x0000000000106b9c                fprintf
 .text          0x0000000000106bc6       0x2c binaries/fputc.o
                0x0000000000106bc6                fputc
 .text          0x0000000000106bf2       0x43 binaries/fputs.o
                0x0000000000106bf2                fputs
 .text          0x0000000000106c35       0x8a binaries/fscanf.o
                0x0000000000106c35                fscanf
 .text          0x0000000000106cbf       0x31 binaries/getchar.o
                0x0000000000106cbf                getchar
 .text          0x0000000000106cf0       0x11 binaries/labs.o
                0x0000000000106cf0                labs
 .text          0x0000000000106d01        0x0 binaries/memchr.o
 .text          0x0000000000106d01       0x51 binaries/memcmp.o
                0x0000000000106d01                memcmp
 .text          0x0000000000106d52       0x3f binaries/memcpy.o
                0x0000000000106d52                memcpy
 .text          0x0000000000106d91       0x30 binaries/memset.o
                0x0000000000106d91                memset
 .text          0x0000000000106dc1       0x47 binaries/printf.o
                0x0000000000106dc1                printf
 .text          0x0000000000106e08       0x34 binaries/putchar.o
                0x0000000000106e08                putchar
 .text          0x0000000000106e3c      0x281 binaries/qsort.o
                0x0000000000106e3c                qsort
 .text          0x00000000001070bd       0x64 binaries/rand.o
                0x00000000001070bd                rand
                0x00000000001070d5                rand_r
                0x0000000000107113                srand
 .text          0x0000000000107121       0x66 binaries/sprintf.o
                0x0000000000107121                sprintf
 .text          0x0000000000107187       0x70 binaries/sscanf.o
                0x0000000000107187                sscanf
 .text          0x00000000001071f7       0x3c binaries/strchr.o
                0x00000000001071f7                strchr
 .text          0x0000000000107233       0x45 binaries/strcmp.o
                0x0000000000107233                strcmp
 .text          0x0000000000107278       0x27 binaries/strcpy.o
                0x0000000000107278                strcpy
 .text          0x000000000010729f       0x26 binaries/strlen.o
                0x000000000010729f                strlen
 .text          0x00000000001072c5       0x56 binaries/strncat.o
                0x00000000001072c5                strncat
 .text          0x000000000010731b       0x5f binaries/strncmp.o
                0x000000000010731b                strncmp
 .text          0x000000000010737a       0x4f binaries/strncpy.o
                0x000000000010737a                strncpy
 .text          0x00000000001073c9       0x2e binaries/strnlen.o
                0x00000000001073c9                strnlen
 .text          0x00000000001073f7       0x45 binaries/strrchr.o
                0x00000000001073f7                strrchr
 .text          0x000000000010743c       0x6e binaries/strstr.o
                0x000000000010743c                strstr
 .text          0x00000000001074aa       0xe4 binaries/ttycontrol.o
                0x00000000001074aa                ttycontrol
 .text          0x000000000010758e       0x97 binaries/ttygetc.o
                0x000000000010758e                ttygetc
 .text          0x0000000000107625      0x6df binaries/ttyhandle_in.o
                0x0000000000107625                ttyhandle_in
 .text          0x0000000000107d04      0x188 binaries/ttyhandle_out.o
                0x0000000000107d04                ttyhandle_out
 .text          0x0000000000107e8c       0xb6 binaries/ttyhandler.o
                0x0000000000107e8c                ttyhandler
 .text          0x0000000000107f42      0x1f1 binaries/ttyinit.o
                0x0000000000107f42                ttyinit
 .text          0x0000000000108133       0x10 binaries/ttykickout.o
                0x0000000000108133                ttykickout
 .text          0x0000000000108143       0xb7 binaries/ttyputc.o
                0x0000000000108143                ttyputc
 .text          0x00000000001081fa      0x11b binaries/ttyread.o
                0x00000000001081fa                ttyread
 .text          0x0000000000108315       0x4d binaries/ttywrite.o
                0x0000000000108315                ttywrite
 .text          0x0000000000108362      0x14b binaries/mount.o
                0x0000000000108362                mount
                0x0000000000108477                namlen
 .text          0x00000000001084ad      0x1eb binaries/naminit.o
                0x00000000001084ad                naminit
 .text          0x0000000000108698      0x212 binaries/nammap.o
                0x0000000000108698                nammap
                0x0000000000108723                namrepl
                0x000000000010885a                namcpy
 .text          0x00000000001088aa       0x4e binaries/namopen.o
                0x00000000001088aa                namopen
 .text          0x00000000001088f8       0x90 binaries/ethcontrol.o
                0x00000000001088f8                ethcontrol
 .text          0x0000000000108988      0x18a binaries/ethhandler.o
                0x0000000000108988                ethhandler
 .text          0x0000000000108b12      0x724 binaries/ethinit.o
                0x0000000000108b12                eth_phy_read
                0x0000000000108b7c                eth_phy_write
                0x0000000000108bf1                eth_phy_reset
                0x0000000000108d35                ethinit
 .text          0x0000000000109236      0x17c binaries/ethmcast.o
                0x0000000000109236                ethmcast_add
                0x00000000001092b2                ethmcast_remove
 .text          0x00000000001093b2      0x18a binaries/ethread.o
                0x00000000001093b2                ethread
 .text          0x000000000010953c       0xf5 binaries/ethwrite.o
                0x000000000010953c                ethwrite
 .text          0x0000000000109631       0x9e binaries/rdsbufalloc.o
                0x0000000000109631                rdsbufalloc
 .text          0x00000000001096cf       0xcc binaries/rdsclose.o
                0x00000000001096cf                rdsclose
 .text          0x000000000010979b      0x2eb binaries/rdscomm.o
                0x000000000010979b                rdscomm
 .text          0x0000000000109a86      0x234 binaries/rdscontrol.o
                0x0000000000109a86                rdscontrol
 .text          0x0000000000109cba      0x1f3 binaries/rdsinit.o
                0x0000000000109cba                rdsinit
 .text          0x0000000000109ead      0x19b binaries/rdsopen.o
                0x0000000000109ead                rdsopen
 .text          0x000000000010a048      0x461 binaries/rdsprocess.o
                0x000000000010a048                rdsprocess
 .text          0x000000000010a4a9      0x25b binaries/rdsread.o
                0x000000000010a4a9                rdsread
 .text          0x000000000010a704      0x1fb binaries/rdswrite.o
                0x000000000010a704                rdswrite
 .text          0x000000000010a8ff        0xa binaries/ramclose.o
                0x000000000010a8ff                ramclose
 .text          0x000000000010a909       0x3e binaries/raminit.o
                0x000000000010a909                raminit
 .text          0x000000000010a947        0xa binaries/ramopen.o
                0x000000000010a947                ramopen
 .text          0x000000000010a951       0x32 binaries/ramread.o
                0x000000000010a951                ramread
 .text          0x000000000010a983       0x32 binaries/ramwrite.o
                0x000000000010a983                ramwrite
 .text          0x000000000010a9b5       0x98 binaries/lfdballoc.o
                0x000000000010a9b5                lfdballoc
 .text          0x000000000010aa4d       0x58 binaries/lfdbfree.o
                0x000000000010aa4d                lfdbfree
 .text          0x000000000010aaa5       0xb6 binaries/lfflush.o
                0x000000000010aaa5                lfflush
 .text          0x000000000010ab5b       0xd8 binaries/lfgetmode.o
                0x000000000010ab5b                lfgetmode
 .text          0x000000000010ac33       0x68 binaries/lfiballoc.o
                0x000000000010ac33                lfiballoc
 .text          0x000000000010ac9b       0x3b binaries/lfibclear.o
                0x000000000010ac9b                lfibclear
 .text          0x000000000010acd6       0xad binaries/lfibget.o
                0x000000000010acd6                lfibget
 .text          0x000000000010ad83       0xdc binaries/lfibput.o
                0x000000000010ad83                lfibput
 .text          0x000000000010ae5f       0xa2 binaries/lflclose.o
                0x000000000010ae5f                lflclose
 .text          0x000000000010af01       0xd0 binaries/lflcontrol.o
                0x000000000010af01                lflcontrol
 .text          0x000000000010afd1       0xf2 binaries/lflgetc.o
                0x000000000010afd1                lflgetc
 .text          0x000000000010b0c3       0xf0 binaries/lflinit.o
                0x000000000010b0c3                lflinit
 .text          0x000000000010b1b3      0x122 binaries/lflputc.o
                0x000000000010b1b3                lflputc
 .text          0x000000000010b2d5       0x70 binaries/lflread.o
                0x000000000010b2d5                lflread
 .text          0x000000000010b345       0xac binaries/lflseek.o
                0x000000000010b345                lflseek
 .text          0x000000000010b3f1       0x55 binaries/lflwrite.o
                0x000000000010b3f1                lflwrite
 .text          0x000000000010b446       0x62 binaries/lfscheck.o
                0x000000000010b446                lfscheck
 .text          0x000000000010b4a8      0x175 binaries/lfsckfmt.o
                0x000000000010b4a8                lfsckfmt
 .text          0x000000000010b61d      0x1af binaries/lfscreate.o
                0x000000000010b61d                lfscreate
 .text          0x000000000010b7cc      0x27f binaries/lfsetup.o
                0x000000000010b7cc                lfsetup
 .text          0x000000000010ba4b       0x51 binaries/lfsinit.o
                0x000000000010ba4b                lfsinit
 .text          0x000000000010ba9c      0x3c2 binaries/lfsopen.o
                0x000000000010ba9c                lfsopen
 .text          0x000000000010be5e      0x15e binaries/lftruncate.o
                0x000000000010be5e                lftruncate
 .text          0x000000000010bfbc       0x71 binaries/rflclose.o
                0x000000000010bfbc                rflclose
 .text          0x000000000010c02d       0x32 binaries/rflgetc.o
                0x000000000010c02d                rflgetc
 .text          0x000000000010c05f       0x78 binaries/rflinit.o
                0x000000000010c05f                rflinit
 .text          0x000000000010c0d7       0x33 binaries/rflputc.o
                0x000000000010c0d7                rflputc
 .text          0x000000000010c10a      0x35e binaries/rflread.o
                0x000000000010c10a                rflread
 .text          0x000000000010c468       0x74 binaries/rflseek.o
                0x000000000010c468                rflseek
 .text          0x000000000010c4dc      0x34d binaries/rflwrite.o
                0x000000000010c4dc                rflwrite
 .text          0x000000000010c829      0x1e4 binaries/rfscomm.o
                0x000000000010c829                rfscomm
 .text          0x000000000010ca0d      0x28e binaries/rfscontrol.o
                0x000000000010ca0d                rfscontrol
 .text          0x000000000010cc9b       0xd8 binaries/rfsgetmode.o
                0x000000000010cc9b                rfsgetmode
 .text          0x000000000010cd73       0x86 binaries/rfsinit.o
                0x000000000010cd73                rfsinit
 .text          0x000000000010cdf9      0x111 binaries/rfsndmsg.o
                0x000000000010cdf9                rfsndmsg
 .text          0x000000000010cf0a      0x2ab binaries/rfsopen.o
                0x000000000010cf0a                rfsopen
 .text          0x000000000010d1b5      0x83b binaries/arp.o
                0x000000000010d1b5                arp_init
                0x000000000010d1e8                arp_resolve
                0x000000000010d49f                arp_in
                0x000000000010d756                arp_alloc
                0x000000000010d816                arp_ntoh
                0x000000000010d903                arp_hton
 .text          0x000000000010d9f0      0x8e8 binaries/dhcp.o
                0x000000000010d9f0                dhcp_get_opt_val
                0x000000000010da49                dhcp_bld_bootp_msg
                0x000000000010db57                dhcp_bld_disc
                0x000000000010dc40                dhcp_bld_req
                0x000000000010ddb2                getlocalip
 .text          0x000000000010e2d8      0x5a0 binaries/dns.o
                0x000000000010e2d8                dnslookup
 .text          0x000000000010e878       0xea binaries/dot2ip.o
                0x000000000010e878                dot2ip
 .text          0x000000000010e962      0x4c4 binaries/hexdump.o
                0x000000000010e962                hexdump
                0x000000000010eb09                hexadump
 .text          0x000000000010ee26      0x8ab binaries/icmp.o
                0x000000000010ee26                icmp_init
                0x000000000010ee5d                icmp_in
                0x000000000010f033                icmp_register
                0x000000000010f12e                icmp_recv
                0x000000000010f2bb                icmp_send
                0x000000000010f343                icmp_mkpkt
                0x000000000010f45d                icmp_release
                0x000000000010f55b                icmp_cksum
                0x000000000010f5e7                icmp_hton
                0x000000000010f65c                icmp_ntoh
 .text          0x000000000010f6d1      0x8a7 binaries/ip.o
                0x000000000010f6d1                ip_in
                0x000000000010f855                ip_send
                0x000000000010f9b0                ip_local
                0x000000000010f9fc                ip_out
                0x000000000010fb35                ipcksum
                0x000000000010fbbb                ip_ntoh
                0x000000000010fca8                ip_hton
                0x000000000010fd95                ipout
                0x000000000010fec4                ip_enqueue
 .text          0x000000000010ff78      0x2cf binaries/net.o
                0x000000000010ff78                net_init
                0x00000000001100a0                netin
                0x000000000011015d                eth_hton
                0x0000000000110188                eth_ntoh
                0x00000000001101b3                getport
 .text          0x0000000000110247     0x147c binaries/pdump.o
                0x0000000000110247                pdump
                0x0000000000111004                pdumph
 .text          0x00000000001116c3      0x4bc binaries/tftp.o
                0x00000000001116c3                tftp_send1
                0x0000000000111843                tftpget
 .text          0x0000000000111b7f      0xb81 binaries/udp.o
                0x0000000000111b7f                udp_init
                0x0000000000111bb4                udp_in
                0x0000000000111cf6                udp_register
                0x0000000000111e32                udp_recv
                0x0000000000111fce                udp_recvaddr
                0x0000000000112182                udp_send
                0x000000000011236a                udp_sendto
                0x000000000011251b                udp_release
                0x0000000000112616                udp_ntoh
                0x000000000011268b                udp_hton
 .text          0x0000000000112700      0x13c binaries/addargs.o
                0x0000000000112700                addargs
 .text          0x000000000011283c      0x2c7 binaries/lexan.o
                0x000000000011283c                lexan
 .text          0x0000000000112b03      0x672 binaries/shell.o
                0x0000000000112b03                shell
 .text          0x0000000000113175       0x69 binaries/xsh_argecho.o
                0x0000000000113175                xsh_argecho
 .text          0x00000000001131de      0x279 binaries/xsh_arp.o
                0x00000000001131de                xsh_arp
 .text          0x0000000000113457      0x26f binaries/xsh_cat.o
                0x0000000000113457                xsh_cat
 .text          0x00000000001136c6       0x5e binaries/xsh_clear.o
                0x00000000001136c6                xsh_clear
 .text          0x0000000000113724      0x2f7 binaries/xsh_date.o
                0x0000000000113724                xsh_date
 .text          0x0000000000113a1b       0xae binaries/xsh_devdump.o
                0x0000000000113a1b                xsh_devdump
 .text          0x0000000000113ac9       0x72 binaries/xsh_echo.o
                0x0000000000113ac9                xsh_echo
 .text          0x0000000000113b3b        0xa binaries/xsh_exit.o
                0x0000000000113b3b                xsh_exit
 .text          0x0000000000113b45      0x389 binaries/xsh_help.o
                0x0000000000113b45                xsh_help
 .text          0x0000000000113ece      0x249 binaries/xsh_kill.o
                0x0000000000113ece                xsh_kill
 .text          0x0000000000114117      0x543 binaries/xsh_memdump.o
                0x0000000000114117                xsh_memdump
 .text          0x000000000011465a      0x2b0 binaries/xsh_memstat.o
                0x000000000011465a                xsh_memstat
 .text          0x000000000011490a      0x50d binaries/xsh_netinfo.o
                0x000000000011490a                xsh_netinfo
 .text          0x0000000000114e17      0x48f binaries/xsh_ping.o
                0x0000000000114e17                xsh_ping
 .text          0x00000000001152a6      0x229 binaries/xsh_ps.o
                0x00000000001152a6                xsh_ps
 .text          0x00000000001154cf      0x225 binaries/xsh_sleep.o
                0x00000000001154cf                xsh_sleep
 .text          0x00000000001156f4      0x27a binaries/xsh_udpdump.o
                0x00000000001156f4                xsh_udpdump
 .text          0x000000000011596e      0x4c0 binaries/xsh_udpecho.o
                0x000000000011596e                xsh_udpecho
 .text          0x0000000000115e2e      0x2b4 binaries/xsh_udpserver.o
                0x0000000000115e2e                xsh_udpeserver
 .text          0x00000000001160e2      0x1f3 binaries/xsh_uptime.o
                0x00000000001160e2                xsh_uptime
 .text          0x00000000001162d5        0xe binaries/clkdisp.o
                0x00000000001162d5                clkdisp
 .text          0x00000000001162e3       0x19 binaries/ctxsw.o
                0x00000000001162e3                ctxsw
 .text          0x00000000001162fc      0x368 binaries/intr.o
                0x00000000001162fc                disable
                0x0000000000116305                restore
                0x0000000000116313                enable
                0x0000000000116315                pause
                0x000000000011631c                halt
                0x000000000011631f                spurious_irq7
                0x0000000000116324                spurious_irq15
                0x0000000000116333                _Xint0
                0x000000000011633e                _Xint1
                0x0000000000116349                _Xint2
                0x0000000000116354                _Xint3
                0x000000000011635f                _Xint4
                0x000000000011636a                _Xint5
                0x0000000000116375                _Xint6
                0x0000000000116380                _Xint7
                0x000000000011638b                _Xint8
                0x0000000000116396                _Xint9
                0x00000000001163a1                _Xint10
                0x00000000001163ac                _Xint11
                0x00000000001163ba                _Xint12
                0x00000000001163c8                _Xint13
                0x00000000001163d6                _Xint14
                0x00000000001163e4                _Xint15
                0x00000000001163f2                _Xint16
                0x0000000000116400                _Xint17
                0x000000000011640e                _Xint18
                0x000000000011641c                _Xint19
                0x000000000011642a                _Xint20
                0x0000000000116438                _Xint21
                0x0000000000116446                _Xint22
                0x0000000000116454                _Xint23
                0x0000000000116462                _Xint24
                0x0000000000116470                _Xint25
                0x000000000011647e                _Xint26
                0x000000000011648c                _Xint27
                0x000000000011649a                _Xint28
                0x00000000001164a8                _Xint29
                0x00000000001164b6                _Xint30
                0x00000000001164c4                _Xint31
                0x00000000001164d2                _Xint32
                0x00000000001164e0                _Xint33
                0x00000000001164ee                _Xint34
                0x00000000001164fc                _Xint35
                0x000000000011650a                _Xint36
                0x0000000000116518                _Xint37
                0x0000000000116526                _Xint38
                0x0000000000116534                _Xint39
                0x0000000000116542                _Xint40
                0x0000000000116550                _Xint41
                0x000000000011655e                _Xint42
                0x000000000011656c                _Xint43
                0x000000000011657a                _Xint44
                0x0000000000116588                _Xint45
                0x0000000000116596                _Xint46
                0x00000000001165a4                defevec
 .text          0x0000000000116664        0xf binaries/ttydispatch.o
                0x0000000000116664                ttydispatch
 .text          0x0000000000116673       0x13 binaries/ethdispatch.o
                0x0000000000116673                ethdispatch
 *(.rodata .rodata.*)
 *fill*         0x0000000000116686        0x2 
 .rodata        0x0000000000116688       0x8e binaries/ascdate.o
 .rodata        0x0000000000116716       0xae binaries/conf.o
 .rodata        0x00000000001167c4       0x83 binaries/early_imr.o
 *fill*         0x0000000000116847        0x1 
 .rodata        0x0000000000116848      0x231 binaries/evec.o
 *fill*         0x0000000000116a79        0x3 
 .rodata        0x0000000000116a7c       0x61 binaries/getutime.o
 *fill*         0x0000000000116add        0x3 
 .rodata        0x0000000000116ae0      0x188 binaries/initialize.o
 .rodata        0x0000000000116c68       0x20 binaries/kill.o
 .rodata        0x0000000000116c88      0x1b6 binaries/main.o
 *fill*         0x0000000000116e3e        0x2 
 .rodata        0x0000000000116e40       0x3e binaries/meminit.o
 .rodata        0x0000000000116e7e        0xf binaries/panic.o
 .rodata        0x0000000000116e8d       0x1d binaries/ptinit.o
 *fill*         0x0000000000116eaa        0x2 
 .rodata        0x0000000000116eac       0x25 binaries/ptsend.o
 .rodata        0x0000000000116ed1       0x22 binaries/quark_pdat.o
 *fill*         0x0000000000116ef3        0x1 
 .rodata        0x0000000000116ef4       0xb7 binaries/stacktrace.o
 *fill*         0x0000000000116fab        0x1 
 .rodata        0x0000000000116fac       0x27 binaries/xdone.o
 *fill*         0x0000000000116fd3        0xd 
 .rodata        0x0000000000116fe0       0x81 binaries/ctype_.o
                0x0000000000116fe0                _ctype_
 *fill*         0x0000000000117061        0x3 
 .rodata        0x0000000000117064       0xee binaries/doprnt.o
 *fill*         0x0000000000117152        0x2 
 .rodata        0x0000000000117154       0x98 binaries/doscan.o
 .rodata        0x00000000001171ec       0xae binaries/fdoprnt.o
 *fill*         0x000000000011729a        0x2 
 .rodata        0x000000000011729c       0x20 binaries/ttycontrol.o
 .rodata        0x00000000001172bc       0x34 binaries/ttyhandler.o
 .rodata        0x00000000001172f0       0x80 binaries/naminit.o
 .rodata        0x0000000000117370       0x46 binaries/ethinit.o
 *fill*         0x00000000001173b6        0x2 
 .rodata        0x00000000001173b8       0x2c binaries/rdsbufalloc.o
 .rodata        0x00000000001173e4       0x76 binaries/rdscomm.o
 *fill*         0x000000000011745a        0x2 
 .rodata        0x000000000011745c       0x48 binaries/rdscontrol.o
 .rodata        0x00000000001174a4       0x96 binaries/rdsinit.o
 *fill*         0x000000000011753a        0x2 
 .rodata        0x000000000011753c       0x22 binaries/rdsopen.o
 *fill*         0x000000000011755e        0x2 
 .rodata        0x0000000000117560       0x4d binaries/rdsprocess.o
 .rodata        0x00000000001175ad        0x9 binaries/raminit.o
 *fill*         0x00000000001175b6        0x2 
 .rodata        0x00000000001175b8       0x37 binaries/lfdballoc.o
 .rodata        0x00000000001175ef       0x14 binaries/lfiballoc.o
 *fill*         0x0000000000117603        0x1 
 .rodata        0x0000000000117604       0x23 binaries/lflcontrol.o
 *fill*         0x0000000000117627        0x1 
 .rodata        0x0000000000117628      0x11b binaries/lfsckfmt.o
 *fill*         0x0000000000117743        0x1 
 .rodata        0x0000000000117744       0x2a binaries/lfsopen.o
 *fill*         0x000000000011776e        0x2 
 .rodata        0x0000000000117770       0x21 binaries/rflread.o
 *fill*         0x0000000000117791        0x3 
 .rodata        0x0000000000117794       0x21 binaries/rflwrite.o
 *fill*         0x00000000001177b5        0x3 
 .rodata        0x00000000001177b8       0x75 binaries/rfscomm.o
 *fill*         0x000000000011782d        0x3 
 .rodata        0x0000000000117830       0x3c binaries/rfscontrol.o
 .rodata        0x000000000011786c       0x63 binaries/rfsinit.o
 *fill*         0x00000000001178cf        0x1 
 .rodata        0x00000000001178d0       0x2a binaries/rfsndmsg.o
 *fill*         0x00000000001178fa        0x2 
 .rodata        0x00000000001178fc       0x22 binaries/rfsopen.o
 *fill*         0x000000000011791e        0x2 
 .rodata        0x0000000000117920       0x3a binaries/arp.o
 *fill*         0x000000000011795a        0x2 
 .rodata        0x000000000011795c       0xcf binaries/dhcp.o
 .rodata        0x0000000000117a2b       0x1a binaries/dns.o
 *fill*         0x0000000000117a45        0x3 
 .rodata        0x0000000000117a48       0xc9 binaries/hexdump.o
 *fill*         0x0000000000117b11        0x3 
 .rodata        0x0000000000117b14       0x29 binaries/icmp.o
 *fill*         0x0000000000117b3d        0x3 
 .rodata        0x0000000000117b40       0x6e binaries/ip.o
 *fill*         0x0000000000117bae        0x2 
 .rodata        0x0000000000117bb0       0x4f binaries/net.o
 *fill*         0x0000000000117bff        0x1 
 .rodata        0x0000000000117c00      0x26f binaries/pdump.o
 *fill*         0x0000000000117e6f        0x1 
 .rodata        0x0000000000117e70      0x10c binaries/tftp.o
 *fill*         0x0000000000117f7c        0x4 
 .rodata        0x0000000000117f80      0x3c1 binaries/shell.o
                0x0000000000118000                cmdtab
 .rodata        0x0000000000118341       0x28 binaries/xsh_argecho.o
 *fill*         0x0000000000118369        0x3 
 .rodata        0x000000000011836c      0x123 binaries/xsh_arp.o
 *fill*         0x000000000011848f        0x1 
 .rodata        0x0000000000118490       0xc9 binaries/xsh_cat.o
 .rodata        0x0000000000118559       0x19 binaries/xsh_clear.o
 *fill*         0x0000000000118572        0x2 
 .rodata        0x0000000000118574      0x1c3 binaries/xsh_date.o
 .rodata        0x0000000000118737       0x5d binaries/xsh_devdump.o
 .rodata        0x0000000000118794        0x9 binaries/xsh_echo.o
 *fill*         0x000000000011879d        0x3 
 .rodata        0x00000000001187a0      0x169 binaries/xsh_help.o
 *fill*         0x0000000000118909        0x3 
 .rodata        0x000000000011890c      0x12e binaries/xsh_kill.o
 *fill*         0x0000000000118a3a        0x2 
 .rodata        0x0000000000118a3c      0x266 binaries/xsh_memdump.o
 *fill*         0x0000000000118ca2        0x2 
 .rodata        0x0000000000118ca4      0x225 binaries/xsh_memstat.o
 *fill*         0x0000000000118ec9        0x3 
 .rodata        0x0000000000118ecc      0x1b0 binaries/xsh_netinfo.o
 .rodata        0x000000000011907c      0x1a1 binaries/xsh_ping.o
 *fill*         0x000000000011921d        0x3 
 .rodata        0x0000000000119220      0x1e0 binaries/xsh_ps.o
 .rodata        0x0000000000119400       0xeb binaries/xsh_sleep.o
 *fill*         0x00000000001194eb        0x1 
 .rodata        0x00000000001194ec      0x1b8 binaries/xsh_udpdump.o
 .rodata        0x00000000001196a4      0x215 binaries/xsh_udpecho.o
 *fill*         0x00000000001198b9        0x3 
 .rodata        0x00000000001198bc      0x12b binaries/xsh_udpserver.o
 *fill*         0x00000000001199e7        0x1 
 .rodata        0x00000000001199e8      0x105 binaries/xsh_uptime.o
                0x0000000000119aed                etext = ABSOLUTE (.)
                0x000000000011a000                . = ALIGN (0x1000)
 *fill*         0x0000000000119aed      0x513 

.eh_frame       0x000000000011a000     0x2cd8
 .eh_frame      0x000000000011a000       0x38 binaries/ascdate.o
 .eh_frame      0x000000000011a038       0x20 binaries/bufinit.o
                                         0x38 (size before relaxing)
 .eh_frame      0x000000000011a058       0x20 binaries/chprio.o
                                         0x38 (size before relaxing)
 .eh_frame      0x000000000011a078       0x20 binaries/clkhandler.o
                                         0x38 (size before relaxing)
 .eh_frame      0x000000000011a098       0x20 binaries/clkinit.o
                                         0x38 (size before relaxing)
 .eh_frame      0x000000000011a0b8       0x20 binaries/close.o
                                         0x38 (size before relaxing)
 .eh_frame      0x000000000011a0d8       0x20 binaries/control.o
                                         0x38 (size before relaxing)
 .eh_frame      0x000000000011a0f8       0x40 binaries/create.o
                                         0x58 (size before relaxing)
 .eh_frame      0x000000000011a138      0x104 binaries/early_imr.o
                                        0x11c (size before relaxing)
 .eh_frame      0x000000000011a23c       0x80 binaries/evec.o
                                         0x98 (size before relaxing)
 .eh_frame      0x000000000011a2bc       0x20 binaries/exit.o
                                         0x38 (size before relaxing)
 .eh_frame      0x000000000011a2dc       0x20 binaries/freebuf.o
                                         0x38 (size before relaxing)
 .eh_frame      0x000000000011a2fc       0x20 binaries/freemem.o
                                         0x38 (size before relaxing)
 .eh_frame      0x000000000011a31c       0x20 binaries/getbuf.o
                                         0x38 (size before relaxing)
 .eh_frame      0x000000000011a33c       0x20 binaries/getc.o
                                         0x38 (size before relaxing)
 .eh_frame      0x000000000011a35c       0x20 binaries/getdev.o
                                         0x38 (size before relaxing)
 .eh_frame      0x000000000011a37c       0x60 binaries/getitem.o
                                         0x78 (size before relaxing)
 .eh_frame      0x000000000011a3dc       0x20 binaries/getmem.o
                                         0x38 (size before relaxing)
 .eh_frame      0x000000000011a3fc       0x20 binaries/getpid.o
                                         0x38 (size before relaxing)
 .eh_frame      0x000000000011a41c       0x20 binaries/getprio.o
                                         0x38 (size before relaxing)
 .eh_frame      0x000000000011a43c       0x20 binaries/getstk.o
                                         0x38 (size before relaxing)
 .eh_frame      0x000000000011a45c       0x20 binaries/getticks.o
                                         0x38 (size before relaxing)
 .eh_frame      0x000000000011a47c       0x20 binaries/gettime.o
                                         0x38 (size before relaxing)
 .eh_frame      0x000000000011a49c       0x20 binaries/getutime.o
                                         0x38 (size before relaxing)
 .eh_frame      0x000000000011a4bc       0x20 binaries/init.o
                                         0x38 (size before relaxing)
 .eh_frame      0x000000000011a4dc       0xa0 binaries/initialize.o
                                         0xb8 (size before relaxing)
 .eh_frame      0x000000000011a57c       0x20 binaries/insert.o
                                         0x38 (size before relaxing)
 .eh_frame      0x000000000011a59c       0x20 binaries/insertd.o
                                         0x38 (size before relaxing)
 .eh_frame      0x000000000011a5bc       0x20 binaries/insertm.o
                                         0x38 (size before relaxing)
 .eh_frame      0x000000000011a5dc       0x20 binaries/ioerr.o
                                         0x38 (size before relaxing)
 .eh_frame      0x000000000011a5fc       0x20 binaries/ionull.o
                                         0x38 (size before relaxing)
 .eh_frame      0x000000000011a61c       0x20 binaries/kill.o
                                         0x38 (size before relaxing)
 .eh_frame      0x000000000011a63c       0x60 binaries/kprintf.o
                                         0x78 (size before relaxing)
 .eh_frame      0x000000000011a69c       0xf0 binaries/main.o
                                        0x108 (size before relaxing)
 .eh_frame      0x000000000011a78c       0x40 binaries/mark.o
                                         0x58 (size before relaxing)
 .eh_frame      0x000000000011a7cc       0x44 binaries/meminit.o
                                         0x5c (size before relaxing)
 .eh_frame      0x000000000011a810       0x20 binaries/mkbufpool.o
                                         0x38 (size before relaxing)
 .eh_frame      0x000000000011a830       0x20 binaries/newqueue.o
                                         0x38 (size before relaxing)
 .eh_frame      0x000000000011a850       0x20 binaries/open.o
                                         0x38 (size before relaxing)
 .eh_frame      0x000000000011a870       0x1c binaries/panic.o
                                         0x34 (size before relaxing)
 .eh_frame      0x000000000011a88c      0x1c0 binaries/pci.o
                                        0x1d8 (size before relaxing)
 .eh_frame      0x000000000011aa4c       0x60 binaries/platinit.o
                                         0x78 (size before relaxing)
 .eh_frame      0x000000000011aaac       0x20 binaries/ptclear.o
                                         0x38 (size before relaxing)
 .eh_frame      0x000000000011aacc       0x20 binaries/ptcount.o
                                         0x38 (size before relaxing)
 .eh_frame      0x000000000011aaec       0x20 binaries/ptcreate.o
                                         0x38 (size before relaxing)
 .eh_frame      0x000000000011ab0c       0x20 binaries/ptdelete.o
                                         0x38 (size before relaxing)
 .eh_frame      0x000000000011ab2c       0x20 binaries/ptinit.o
                                         0x38 (size before relaxing)
 .eh_frame      0x000000000011ab4c       0x20 binaries/ptrecv.o
                                         0x38 (size before relaxing)
 .eh_frame      0x000000000011ab6c       0x20 binaries/ptreset.o
                                         0x38 (size before relaxing)
 .eh_frame      0x000000000011ab8c       0x20 binaries/ptsend.o
                                         0x38 (size before relaxing)
 .eh_frame      0x000000000011abac       0x20 binaries/putc.o
                                         0x38 (size before relaxing)
 .eh_frame      0x000000000011abcc       0x20 binaries/quark_irq.o
                                         0x38 (size before relaxing)
 .eh_frame      0x000000000011abec       0x40 binaries/quark_pdat.o
                                         0x58 (size before relaxing)
 .eh_frame      0x000000000011ac2c       0x40 binaries/queue.o
                                         0x58 (size before relaxing)
 .eh_frame      0x000000000011ac6c       0x20 binaries/RcvMsg.o
                                         0x38 (size before relaxing)
 .eh_frame      0x000000000011ac8c       0x20 binaries/RcvMsgWait.o
                                         0x38 (size before relaxing)
 .eh_frame      0x000000000011acac       0x20 binaries/read.o
                                         0x38 (size before relaxing)
 .eh_frame      0x000000000011accc       0x24 binaries/ready.o
                                         0x3c (size before relaxing)
 .eh_frame      0x000000000011acf0       0x20 binaries/receive.o
                                         0x38 (size before relaxing)
 .eh_frame      0x000000000011ad10       0x20 binaries/recvclr.o
                                         0x38 (size before relaxing)
 .eh_frame      0x000000000011ad30       0x20 binaries/recvtime.o
                                         0x38 (size before relaxing)
 .eh_frame      0x000000000011ad50       0x40 binaries/resched.o
                                         0x58 (size before relaxing)
 .eh_frame      0x000000000011ad90       0x20 binaries/resume.o
                                         0x38 (size before relaxing)
 .eh_frame      0x000000000011adb0       0x20 binaries/seek.o
                                         0x38 (size before relaxing)
 .eh_frame      0x000000000011add0       0x20 binaries/semcount.o
                                         0x38 (size before relaxing)
 .eh_frame      0x000000000011adf0       0x40 binaries/semcreate.o
                                         0x58 (size before relaxing)
 .eh_frame      0x000000000011ae30       0x20 binaries/semdelete.o
                                         0x38 (size before relaxing)
 .eh_frame      0x000000000011ae50       0x20 binaries/semreset.o
                                         0x38 (size before relaxing)
 .eh_frame      0x000000000011ae70       0x20 binaries/send.o
                                         0x38 (size before relaxing)
 .eh_frame      0x000000000011ae90       0x20 binaries/SendMsg.o
                                         0x38 (size before relaxing)
 .eh_frame      0x000000000011aeb0       0x20 binaries/signal.o
                                         0x38 (size before relaxing)
 .eh_frame      0x000000000011aed0       0x20 binaries/signaln.o
                                         0x38 (size before relaxing)
 .eh_frame      0x000000000011aef0       0x40 binaries/sleep.o
                                         0x58 (size before relaxing)
 .eh_frame      0x000000000011af30       0x20 binaries/stacktrace.o
                                         0x38 (size before relaxing)
 .eh_frame      0x000000000011af50       0x20 binaries/suspend.o
                                         0x38 (size before relaxing)
 .eh_frame      0x000000000011af70       0x20 binaries/unsleep.o
                                         0x38 (size before relaxing)
 .eh_frame      0x000000000011af90       0x20 binaries/userret.o
                                         0x38 (size before relaxing)
 .eh_frame      0x000000000011afb0       0x20 binaries/wait.o
                                         0x38 (size before relaxing)
 .eh_frame      0x000000000011afd0       0x20 binaries/wakeup.o
                                         0x38 (size before relaxing)
 .eh_frame      0x000000000011aff0       0x20 binaries/write.o
                                         0x38 (size before relaxing)
 .eh_frame      0x000000000011b010       0x20 binaries/xdone.o
                                         0x38 (size before relaxing)
 .eh_frame      0x000000000011b030       0x20 binaries/yield.o
                                         0x38 (size before relaxing)
 .eh_frame      0x000000000011b050       0x20 binaries/abs.o
                                         0x38 (size before relaxing)
 .eh_frame      0x000000000011b070       0x20 binaries/atoi.o
                                         0x38 (size before relaxing)
 .eh_frame      0x000000000011b090       0x20 binaries/atol.o
                                         0x38 (size before relaxing)
 .eh_frame      0x000000000011b0b0       0x20 binaries/bzero.o
                                         0x38 (size before relaxing)
 .eh_frame      0x000000000011b0d0       0xe0 binaries/doprnt.o
                                         0xf8 (size before relaxing)
 .eh_frame      0x000000000011b1b0       0xac binaries/doscan.o
                                         0xc4 (size before relaxing)
 .eh_frame      0x000000000011b25c       0xc0 binaries/fdoprnt.o
                                         0xd8 (size before relaxing)
 .eh_frame      0x000000000011b31c       0x20 binaries/fgetc.o
                                         0x38 (size before relaxing)
 .eh_frame      0x000000000011b33c       0x20 binaries/fgets.o
                                         0x38 (size before relaxing)
 .eh_frame      0x000000000011b35c       0x20 binaries/fprintf.o
                                         0x38 (size before relaxing)
 .eh_frame      0x000000000011b37c       0x20 binaries/fputc.o
                                         0x38 (size before relaxing)
 .eh_frame      0x000000000011b39c       0x20 binaries/fputs.o
                                         0x38 (size before relaxing)
 .eh_frame      0x000000000011b3bc       0x60 binaries/fscanf.o
                                         0x78 (size before relaxing)
 .eh_frame      0x000000000011b41c       0x20 binaries/getchar.o
                                         0x38 (size before relaxing)
 .eh_frame      0x000000000011b43c       0x20 binaries/labs.o
                                         0x38 (size before relaxing)
 .eh_frame      0x000000000011b45c       0x20 binaries/memcmp.o
                                         0x38 (size before relaxing)
 .eh_frame      0x000000000011b47c       0x24 binaries/memcpy.o
                                         0x3c (size before relaxing)
 .eh_frame      0x000000000011b4a0       0x24 binaries/memset.o
                                         0x3c (size before relaxing)
 .eh_frame      0x000000000011b4c4       0x20 binaries/printf.o
                                         0x38 (size before relaxing)
 .eh_frame      0x000000000011b4e4       0x20 binaries/putchar.o
                                         0x38 (size before relaxing)
 .eh_frame      0x000000000011b504       0xa4 binaries/qsort.o
                                         0xbc (size before relaxing)
 .eh_frame      0x000000000011b5a8       0x60 binaries/rand.o
                                         0x78 (size before relaxing)
 .eh_frame      0x000000000011b608       0x40 binaries/sprintf.o
                                         0x58 (size before relaxing)
 .eh_frame      0x000000000011b648       0x60 binaries/sscanf.o
                                         0x78 (size before relaxing)
 .eh_frame      0x000000000011b6a8       0x20 binaries/strchr.o
                                         0x38 (size before relaxing)
 .eh_frame      0x000000000011b6c8       0x20 binaries/strcmp.o
                                         0x38 (size before relaxing)
 .eh_frame      0x000000000011b6e8       0x20 binaries/strcpy.o
                                         0x38 (size before relaxing)
 .eh_frame      0x000000000011b708       0x20 binaries/strlen.o
                                         0x38 (size before relaxing)
 .eh_frame      0x000000000011b728       0x20 binaries/strncat.o
                                         0x38 (size before relaxing)
 .eh_frame      0x000000000011b748       0x20 binaries/strncmp.o
                                         0x38 (size before relaxing)
 .eh_frame      0x000000000011b768       0x28 binaries/strncpy.o
                                         0x40 (size before relaxing)
 .eh_frame      0x000000000011b790       0x20 binaries/strnlen.o
                                         0x38 (size before relaxing)
 .eh_frame      0x000000000011b7b0       0x20 binaries/strrchr.o
                                         0x38 (size before relaxing)
 .eh_frame      0x000000000011b7d0       0x20 binaries/strstr.o
                                         0x38 (size before relaxing)
 .eh_frame      0x000000000011b7f0       0x20 binaries/ttycontrol.o
                                         0x38 (size before relaxing)
 .eh_frame      0x000000000011b810       0x20 binaries/ttygetc.o
                                         0x38 (size before relaxing)
 .eh_frame      0x000000000011b830       0x80 binaries/ttyhandle_in.o
                                         0x98 (size before relaxing)
 .eh_frame      0x000000000011b8b0       0x20 binaries/ttyhandle_out.o
                                         0x38 (size before relaxing)
 .eh_frame      0x000000000011b8d0       0x20 binaries/ttyhandler.o
                                         0x38 (size before relaxing)
 .eh_frame      0x000000000011b8f0       0x20 binaries/ttyinit.o
                                         0x38 (size before relaxing)
 .eh_frame      0x000000000011b910       0x20 binaries/ttykickout.o
                                         0x38 (size before relaxing)
 .eh_frame      0x000000000011b930       0x20 binaries/ttyputc.o
                                         0x38 (size before relaxing)
 .eh_frame      0x000000000011b950       0x24 binaries/ttyread.o
                                         0x3c (size before relaxing)
 .eh_frame      0x000000000011b974       0x20 binaries/ttywrite.o
                                         0x38 (size before relaxing)
 .eh_frame      0x000000000011b994       0x40 binaries/mount.o
                                         0x58 (size before relaxing)
 .eh_frame      0x000000000011b9d4       0x20 binaries/naminit.o
                                         0x38 (size before relaxing)
 .eh_frame      0x000000000011b9f4       0x60 binaries/nammap.o
                                         0x78 (size before relaxing)
 .eh_frame      0x000000000011ba54       0x20 binaries/namopen.o
                                         0x38 (size before relaxing)
 .eh_frame      0x000000000011ba74       0x20 binaries/ethcontrol.o
                                         0x38 (size before relaxing)
 .eh_frame      0x000000000011ba94       0x20 binaries/ethhandler.o
                                         0x38 (size before relaxing)
 .eh_frame      0x000000000011bab4       0x9c binaries/ethinit.o
                                         0xb4 (size before relaxing)
 .eh_frame      0x000000000011bb50       0x40 binaries/ethmcast.o
                                         0x58 (size before relaxing)
 .eh_frame      0x000000000011bb90       0x20 binaries/ethread.o
                                         0x38 (size before relaxing)
 .eh_frame      0x000000000011bbb0       0x20 binaries/ethwrite.o
                                         0x38 (size before relaxing)
 .eh_frame      0x000000000011bbd0       0x20 binaries/rdsbufalloc.o
                                         0x38 (size before relaxing)
 .eh_frame      0x000000000011bbf0       0x20 binaries/rdsclose.o
                                         0x38 (size before relaxing)
 .eh_frame      0x000000000011bc10       0x20 binaries/rdscomm.o
                                         0x38 (size before relaxing)
 .eh_frame      0x000000000011bc30       0x20 binaries/rdscontrol.o
                                         0x38 (size before relaxing)
 .eh_frame      0x000000000011bc50       0x20 binaries/rdsinit.o
                                         0x38 (size before relaxing)
 .eh_frame      0x000000000011bc70       0x20 binaries/rdsopen.o
                                         0x38 (size before relaxing)
 .eh_frame      0x000000000011bc90       0x1c binaries/rdsprocess.o
                                         0x34 (size before relaxing)
 .eh_frame      0x000000000011bcac       0x20 binaries/rdsread.o
                                         0x38 (size before relaxing)
 .eh_frame      0x000000000011bccc       0x20 binaries/rdswrite.o
                                         0x38 (size before relaxing)
 .eh_frame      0x000000000011bcec       0x20 binaries/ramclose.o
                                         0x38 (size before relaxing)
 .eh_frame      0x000000000011bd0c       0x20 binaries/raminit.o
                                         0x38 (size before relaxing)
 .eh_frame      0x000000000011bd2c       0x20 binaries/ramopen.o
                                         0x38 (size before relaxing)
 .eh_frame      0x000000000011bd4c       0x20 binaries/ramread.o
                                         0x38 (size before relaxing)
 .eh_frame      0x000000000011bd6c       0x20 binaries/ramwrite.o
                                         0x38 (size before relaxing)
 .eh_frame      0x000000000011bd8c       0x20 binaries/lfdballoc.o
                                         0x38 (size before relaxing)
 .eh_frame      0x000000000011bdac       0x20 binaries/lfdbfree.o
                                         0x38 (size before relaxing)
 .eh_frame      0x000000000011bdcc       0x20 binaries/lfflush.o
                                         0x38 (size before relaxing)
 .eh_frame      0x000000000011bdec       0x20 binaries/lfgetmode.o
                                         0x38 (size before relaxing)
 .eh_frame      0x000000000011be0c       0x20 binaries/lfiballoc.o
                                         0x38 (size before relaxing)
 .eh_frame      0x000000000011be2c       0x20 binaries/lfibclear.o
                                         0x38 (size before relaxing)
 .eh_frame      0x000000000011be4c       0x20 binaries/lfibget.o
                                         0x38 (size before relaxing)
 .eh_frame      0x000000000011be6c       0x20 binaries/lfibput.o
                                         0x38 (size before relaxing)
 .eh_frame      0x000000000011be8c       0x20 binaries/lflclose.o
                                         0x38 (size before relaxing)
 .eh_frame      0x000000000011beac       0x20 binaries/lflcontrol.o
                                         0x38 (size before relaxing)
 .eh_frame      0x000000000011becc       0x20 binaries/lflgetc.o
                                         0x38 (size before relaxing)
 .eh_frame      0x000000000011beec       0x20 binaries/lflinit.o
                                         0x38 (size before relaxing)
 .eh_frame      0x000000000011bf0c       0x20 binaries/lflputc.o
                                         0x38 (size before relaxing)
 .eh_frame      0x000000000011bf2c       0x20 binaries/lflread.o
                                         0x38 (size before relaxing)
 .eh_frame      0x000000000011bf4c       0x20 binaries/lflseek.o
                                         0x38 (size before relaxing)
 .eh_frame      0x000000000011bf6c       0x20 binaries/lflwrite.o
                                         0x38 (size before relaxing)
 .eh_frame      0x000000000011bf8c       0x20 binaries/lfscheck.o
                                         0x38 (size before relaxing)
 .eh_frame      0x000000000011bfac       0x20 binaries/lfsckfmt.o
                                         0x38 (size before relaxing)
 .eh_frame      0x000000000011bfcc       0x20 binaries/lfscreate.o
                                         0x38 (size before relaxing)
 .eh_frame      0x000000000011bfec       0x20 binaries/lfsetup.o
                                         0x38 (size before relaxing)
 .eh_frame      0x000000000011c00c       0x20 binaries/lfsinit.o
                                         0x38 (size before relaxing)
 .eh_frame      0x000000000011c02c       0x20 binaries/lfsopen.o
                                         0x38 (size before relaxing)
 .eh_frame      0x000000000011c04c       0x20 binaries/lftruncate.o
                                         0x38 (size before relaxing)
 .eh_frame      0x000000000011c06c       0x20 binaries/rflclose.o
                                         0x38 (size before relaxing)
 .eh_frame      0x000000000011c08c       0x20 binaries/rflgetc.o
                                         0x38 (size before relaxing)
 .eh_frame      0x000000000011c0ac       0x20 binaries/rflinit.o
                                         0x38 (size before relaxing)
 .eh_frame      0x000000000011c0cc       0x20 binaries/rflputc.o
                                         0x38 (size before relaxing)
 .eh_frame      0x000000000011c0ec       0x20 binaries/rflread.o
                                         0x38 (size before relaxing)
 .eh_frame      0x000000000011c10c       0x20 binaries/rflseek.o
                                         0x38 (size before relaxing)
 .eh_frame      0x000000000011c12c       0x20 binaries/rflwrite.o
                                         0x38 (size before relaxing)
 .eh_frame      0x000000000011c14c       0x20 binaries/rfscomm.o
                                         0x38 (size before relaxing)
 .eh_frame      0x000000000011c16c       0x20 binaries/rfscontrol.o
                                         0x38 (size before relaxing)
 .eh_frame      0x000000000011c18c       0x20 binaries/rfsgetmode.o
                                         0x38 (size before relaxing)
 .eh_frame      0x000000000011c1ac       0x20 binaries/rfsinit.o
                                         0x38 (size before relaxing)
 .eh_frame      0x000000000011c1cc       0x20 binaries/rfsndmsg.o
                                         0x38 (size before relaxing)
 .eh_frame      0x000000000011c1ec       0x20 binaries/rfsopen.o
                                         0x38 (size before relaxing)
 .eh_frame      0x000000000011c20c       0xc0 binaries/arp.o
                                         0xd8 (size before relaxing)
 .eh_frame      0x000000000011c2cc       0xa0 binaries/dhcp.o
                                         0xb8 (size before relaxing)
 .eh_frame      0x000000000011c36c       0x80 binaries/dns.o
                                         0x98 (size before relaxing)
 .eh_frame      0x000000000011c3ec       0x20 binaries/dot2ip.o
                                         0x38 (size before relaxing)
 .eh_frame      0x000000000011c40c       0x40 binaries/hexdump.o
                                         0x58 (size before relaxing)
 .eh_frame      0x000000000011c44c      0x14c binaries/icmp.o
                                        0x164 (size before relaxing)
 .eh_frame      0x000000000011c598      0x11c binaries/ip.o
                                        0x134 (size before relaxing)
 .eh_frame      0x000000000011c6b4       0xa0 binaries/net.o
                                         0xb8 (size before relaxing)
 .eh_frame      0x000000000011c754       0x60 binaries/pdump.o
                                         0x78 (size before relaxing)
 .eh_frame      0x000000000011c7b4       0x4c binaries/tftp.o
                                         0x64 (size before relaxing)
 .eh_frame      0x000000000011c800      0x140 binaries/udp.o
                                        0x158 (size before relaxing)
 .eh_frame      0x000000000011c940       0x20 binaries/addargs.o
                                         0x38 (size before relaxing)
 .eh_frame      0x000000000011c960       0x20 binaries/lexan.o
                                         0x38 (size before relaxing)
 .eh_frame      0x000000000011c980       0x20 binaries/shell.o
                                         0x38 (size before relaxing)
 .eh_frame      0x000000000011c9a0       0x20 binaries/xsh_argecho.o
                                         0x38 (size before relaxing)
 .eh_frame      0x000000000011c9c0       0x40 binaries/xsh_arp.o
                                         0x58 (size before relaxing)
 .eh_frame      0x000000000011ca00       0x20 binaries/xsh_cat.o
                                         0x38 (size before relaxing)
 .eh_frame      0x000000000011ca20       0x20 binaries/xsh_clear.o
                                         0x38 (size before relaxing)
 .eh_frame      0x000000000011ca40       0x20 binaries/xsh_date.o
                                         0x38 (size before relaxing)
 .eh_frame      0x000000000011ca60       0x20 binaries/xsh_devdump.o
                                         0x38 (size before relaxing)
 .eh_frame      0x000000000011ca80       0x20 binaries/xsh_echo.o
                                         0x38 (size before relaxing)
 .eh_frame      0x000000000011caa0       0x20 binaries/xsh_exit.o
                                         0x38 (size before relaxing)
 .eh_frame      0x000000000011cac0       0x20 binaries/xsh_help.o
                                         0x38 (size before relaxing)
 .eh_frame      0x000000000011cae0       0x20 binaries/xsh_kill.o
                                         0x38 (size before relaxing)
 .eh_frame      0x000000000011cb00       0x40 binaries/xsh_memdump.o
                                         0x58 (size before relaxing)
 .eh_frame      0x000000000011cb40       0x60 binaries/xsh_memstat.o
                                         0x78 (size before relaxing)
 .eh_frame      0x000000000011cba0       0x30 binaries/xsh_netinfo.o
                                         0x48 (size before relaxing)
 .eh_frame      0x000000000011cbd0       0x24 binaries/xsh_ping.o
                                         0x3c (size before relaxing)
 .eh_frame      0x000000000011cbf4       0x30 binaries/xsh_ps.o
                                         0x48 (size before relaxing)
 .eh_frame      0x000000000011cc24       0x20 binaries/xsh_sleep.o
                                         0x38 (size before relaxing)
 .eh_frame      0x000000000011cc44       0x20 binaries/xsh_udpdump.o
                                         0x38 (size before relaxing)
 .eh_frame      0x000000000011cc64       0x30 binaries/xsh_udpecho.o
                                         0x48 (size before relaxing)
 .eh_frame      0x000000000011cc94       0x24 binaries/xsh_udpserver.o
                                         0x3c (size before relaxing)
 .eh_frame      0x000000000011ccb8       0x20 binaries/xsh_uptime.o
                                         0x38 (size before relaxing)

.iplt           0x000000000011cce0        0x0
 .iplt          0x000000000011cce0        0x0 binaries/start.o

.rel.dyn        0x000000000011ccd8        0x0
 .rel.iplt      0x000000000011ccd8        0x0 binaries/start.o
 .rel.text      0x000000000011ccd8        0x0 binaries/start.o
 .rel.data      0x000000000011ccd8        0x0 binaries/start.o
 .rel.rodata    0x000000000011ccd8        0x0 binaries/start.o

.data           0x000000000011cce0     0x1320
                0x000000000011cce0                data = ABSOLUTE (.)
 *(.data .data.*)
 .data          0x000000000011cce0      0x83a binaries/start.o
                0x000000000011cce0                gdt
                0x000000000011cd10                idt
                0x000000000011d516                cpudelay
 *fill*         0x000000000011d51a        0x6 
 .data          0x000000000011d520       0x88 binaries/ascdate.o
                0x000000000011d520                Date
 .data          0x000000000011d5a8        0x0 binaries/bufinit.o
 .data          0x000000000011d5a8        0x0 binaries/chprio.o
 .data          0x000000000011d5a8        0x4 binaries/clkhandler.o
 .data          0x000000000011d5ac        0x0 binaries/clkinit.o
 .data          0x000000000011d5ac        0x0 binaries/close.o
 *fill*         0x000000000011d5ac       0x14 
 .data          0x000000000011d5c0      0x5a0 binaries/conf.o
                0x000000000011d5c0                devtab
 .data          0x000000000011db60        0x0 binaries/control.o
 .data          0x000000000011db60        0x4 binaries/create.o
 .data          0x000000000011db64        0x0 binaries/early_imr.o
 *fill*         0x000000000011db64       0x1c 
 .data          0x000000000011db80       0x40 binaries/evec.o
                0x000000000011db80                inames
 .data          0x000000000011dbc0        0x0 binaries/exit.o
 .data          0x000000000011dbc0        0x0 binaries/freebuf.o
 .data          0x000000000011dbc0        0x0 binaries/freemem.o
 .data          0x000000000011dbc0        0x0 binaries/getbuf.o
 .data          0x000000000011dbc0        0x0 binaries/getc.o
 .data          0x000000000011dbc0        0x0 binaries/getdev.o
 .data          0x000000000011dbc0        0x0 binaries/getitem.o
 .data          0x000000000011dbc0        0x0 binaries/getmem.o
 .data          0x000000000011dbc0        0x0 binaries/getpid.o
 .data          0x000000000011dbc0        0x0 binaries/getprio.o
 .data          0x000000000011dbc0        0x0 binaries/getstk.o
 .data          0x000000000011dbc0        0x0 binaries/getticks.o
 .data          0x000000000011dbc0        0x0 binaries/gettime.o
 .data          0x000000000011dbc0        0x0 binaries/getutime.o
 .data          0x000000000011dbc0        0x0 binaries/init.o
 .data          0x000000000011dbc0        0x0 binaries/initialize.o
 .data          0x000000000011dbc0        0x0 binaries/insert.o
 .data          0x000000000011dbc0        0x0 binaries/insertd.o
 .data          0x000000000011dbc0        0x0 binaries/insertm.o
 .data          0x000000000011dbc0        0x0 binaries/ioerr.o
 .data          0x000000000011dbc0        0x0 binaries/ionull.o
 .data          0x000000000011dbc0        0x0 binaries/kill.o
 .data          0x000000000011dbc0        0x0 binaries/kprintf.o
[...]
 .comment       0x0000000000000034       0x35 binaries/tftp.o
 .comment       0x0000000000000034       0x35 binaries/udp.o
 .comment       0x0000000000000034       0x35 binaries/addargs.o
 .comment       0x0000000000000034       0x35 binaries/lexan.o
 .comment       0x0000000000000034       0x35 binaries/shell.o
 .comment       0x0000000000000034       0x35 binaries/xsh_argecho.o
 .comment       0x0000000000000034       0x35 binaries/xsh_arp.o
 .comment       0x0000000000000034       0x35 binaries/xsh_cat.o
 .comment       0x0000000000000034       0x35 binaries/xsh_clear.o
 .comment       0x0000000000000034       0x35 binaries/xsh_date.o
 .comment       0x0000000000000034       0x35 binaries/xsh_devdump.o
 .comment       0x0000000000000034       0x35 binaries/xsh_echo.o
 .comment       0x0000000000000034       0x35 binaries/xsh_exit.o
 .comment       0x0000000000000034       0x35 binaries/xsh_help.o
 .comment       0x0000000000000034       0x35 binaries/xsh_kill.o
 .comment       0x0000000000000034       0x35 binaries/xsh_memdump.o
 .comment       0x0000000000000034       0x35 binaries/xsh_memstat.o
 .comment       0x0000000000000034       0x35 binaries/xsh_netinfo.o
 .comment       0x0000000000000034       0x35 binaries/xsh_ping.o
 .comment       0x0000000000000034       0x35 binaries/xsh_ps.o
 .comment       0x0000000000000034       0x35 binaries/xsh_sleep.o
 .comment       0x0000000000000034       0x35 binaries/xsh_udpdump.o
 .comment       0x0000000000000034       0x35 binaries/xsh_udpecho.o
 .comment       0x0000000000000034       0x35 binaries/xsh_udpserver.o
 .comment       0x0000000000000034       0x35 binaries/xsh_uptime.o

.note.GNU-stack
                0x0000000000000000        0x0
 .note.GNU-stack
                0x0000000000000000        0x0 binaries/ascdate.o
 .note.GNU-stack
                0x0000000000000000        0x0 binaries/bufinit.o
 .note.GNU-stack
                0x0000000000000000        0x0 binaries/chprio.o
 .note.GNU-stack
                0x0000000000000000        0x0 binaries/clkhandler.o
 .note.GNU-stack
                0x0000000000000000        0x0 binaries/clkinit.o
 .note.GNU-stack
                0x0000000000000000        0x0 binaries/close.o
 .note.GNU-stack
                0x0000000000000000        0x0 binaries/conf.o
 .note.GNU-stack
                0x0000000000000000        0x0 binaries/control.o
 .note.GNU-stack
                0x0000000000000000        0x0 binaries/create.o
 .note.GNU-stack
                0x0000000000000000        0x0 binaries/early_imr.o
 .note.GNU-stack
                0x0000000000000000        0x0 binaries/evec.o
 .note.GNU-stack
                0x0000000000000000        0x0 binaries/exit.o
 .note.GNU-stack
                0x0000000000000000        0x0 binaries/freebuf.o
 .note.GNU-stack
                0x0000000000000000        0x0 binaries/freemem.o
 .note.GNU-stack
                0x0000000000000000        0x0 binaries/getbuf.o
 .note.GNU-stack
                0x0000000000000000        0x0 binaries/getc.o
 .note.GNU-stack
                0x0000000000000000        0x0 binaries/getdev.o
 .note.GNU-stack
                0x0000000000000000        0x0 binaries/getitem.o
 .note.GNU-stack
                0x0000000000000000        0x0 binaries/getmem.o
 .note.GNU-stack
                0x0000000000000000        0x0 binaries/getpid.o
 .note.GNU-stack
                0x0000000000000000        0x0 binaries/getprio.o
 .note.GNU-stack
                0x0000000000000000        0x0 binaries/getstk.o
 .note.GNU-stack
                0x0000000000000000        0x0 binaries/getticks.o
 .note.GNU-stack
                0x0000000000000000        0x0 binaries/gettime.o
 .note.GNU-stack
                0x0000000000000000        0x0 binaries/getutime.o
 .note.GNU-stack
                0x0000000000000000        0x0 binaries/init.o
 .note.GNU-stack
                0x0000000000000000        0x0 binaries/initialize.o
 .note.GNU-stack
                0x0000000000000000        0x0 binaries/insert.o
 .note.GNU-stack
                0x0000000000000000        0x0 binaries/insertd.o
 .note.GNU-stack
                0x0000000000000000        0x0 binaries/insertm.o
 .note.GNU-stack
                0x0000000000000000        0x0 binaries/ioerr.o
 .note.GNU-stack
                0x0000000000000000        0x0 binaries/ionull.o
 .note.GNU-stack
                0x0000000000000000        0x0 binaries/kill.o
 .note.GNU-stack
                0x0000000000000000        0x0 binaries/kprintf.o
 .note.GNU-stack
                0x0000000000000000        0x0 binaries/main.o
 .note.GNU-stack
                0x0000000000000000        0x0 binaries/mark.o
 .note.GNU-stack
                0x0000000000000000        0x0 binaries/meminit.o
 .note.GNU-stack
                0x0000000000000000        0x0 binaries/mkbufpool.o
 .note.GNU-stack
                0x0000000000000000        0x0 binaries/newqueue.o
 .note.GNU-stack
                0x0000000000000000        0x0 binaries/open.o
 .note.GNU-stack
                0x0000000000000000        0x0 binaries/panic.o
 .note.GNU-stack
                0x0000000000000000        0x0 binaries/pci.o
 .note.GNU-stack
                0x0000000000000000        0x0 binaries/platinit.o
 .note.GNU-stack
                0x0000000000000000        0x0 binaries/ptclear.o
 .note.GNU-stack
                0x0000000000000000        0x0 binaries/ptcount.o
 .note.GNU-stack
                0x0000000000000000        0x0 binaries/ptcreate.o
 .note.GNU-stack
                0x0000000000000000        0x0 binaries/ptdelete.o
 .note.GNU-stack
                0x0000000000000000        0x0 binaries/ptinit.o
 .note.GNU-stack
                0x0000000000000000        0x0 binaries/ptrecv.o
 .note.GNU-stack
                0x0000000000000000        0x0 binaries/ptreset.o
 .note.GNU-stack
                0x0000000000000000        0x0 binaries/ptsend.o
 .note.GNU-stack
                0x0000000000000000        0x0 binaries/putc.o
 .note.GNU-stack
                0x0000000000000000        0x0 binaries/quark_irq.o
 .note.GNU-stack
                0x0000000000000000        0x0 binaries/quark_pdat.o
 .note.GNU-stack
                0x0000000000000000        0x0 binaries/queue.o
 .note.GNU-stack
                0x0000000000000000        0x0 binaries/RcvMsg.o
 .note.GNU-stack
                0x0000000000000000        0x0 binaries/RcvMsgWait.o
 .note.GNU-stack
                0x0000000000000000        0x0 binaries/read.o
 .note.GNU-stack
                0x0000000000000000        0x0 binaries/ready.o
 .note.GNU-stack
                0x0000000000000000        0x0 binaries/receive.o
 .note.GNU-stack
                0x0000000000000000        0x0 binaries/recvclr.o
 .note.GNU-stack
                0x0000000000000000        0x0 binaries/recvtime.o
 .note.GNU-stack
                0x0000000000000000        0x0 binaries/resched.o
 .note.GNU-stack
                0x0000000000000000        0x0 binaries/resume.o
 .note.GNU-stack
                0x0000000000000000        0x0 binaries/seek.o
 .note.GNU-stack
                0x0000000000000000        0x0 binaries/semcount.o
 .note.GNU-stack
                0x0000000000000000        0x0 binaries/semcreate.o
 .note.GNU-stack
                0x0000000000000000        0x0 binaries/semdelete.o
 .note.GNU-stack
                0x0000000000000000        0x0 binaries/semreset.o
 .note.GNU-stack
                0x0000000000000000        0x0 binaries/send.o
 .note.GNU-stack
                0x0000000000000000        0x0 binaries/SendMsg.o
 .note.GNU-stack
                0x0000000000000000        0x0 binaries/signal.o
 .note.GNU-stack
                0x0000000000000000        0x0 binaries/signaln.o
 .note.GNU-stack
                0x0000000000000000        0x0 binaries/sleep.o
 .note.GNU-stack
                0x0000000000000000        0x0 binaries/stacktrace.o
 .note.GNU-stack
                0x0000000000000000        0x0 binaries/suspend.o
 .note.GNU-stack
                0x0000000000000000        0x0 binaries/unsleep.o
 .note.GNU-stack
                0x0000000000000000        0x0 binaries/userret.o
 .note.GNU-stack
                0x0000000000000000        0x0 binaries/wait.o
 .note.GNU-stack
                0x0000000000000000        0x0 binaries/wakeup.o
 .note.GNU-stack
                0x0000000000000000        0x0 binaries/write.o
 .note.GNU-stack
                0x0000000000000000        0x0 binaries/xdone.o
 .note.GNU-stack
                0x0000000000000000        0x0 binaries/yield.o
 .note.GNU-stack
                0x0000000000000000        0x0 binaries/abs.o
 .note.GNU-stack
                0x0000000000000000        0x0 binaries/atoi.o
 .note.GNU-stack
                0x0000000000000000        0x0 binaries/atol.o
 .note.GNU-stack
                0x0000000000000000        0x0 binaries/bzero.o
 .note.GNU-stack
                0x0000000000000000        0x0 binaries/ctype_.o
 .note.GNU-stack
                0x0000000000000000        0x0 binaries/doprnt.o
 .note.GNU-stack
                0x0000000000000000        0x0 binaries/doscan.o
 .note.GNU-stack
                0x0000000000000000        0x0 binaries/fdoprnt.o
 .note.GNU-stack
                0x0000000000000000        0x0 binaries/fgetc.o
 .note.GNU-stack
                0x0000000000000000        0x0 binaries/fgets.o
 .note.GNU-stack
                0x0000000000000000        0x0 binaries/fprintf.o
 .note.GNU-stack
                0x0000000000000000        0x0 binaries/fputc.o
 .note.GNU-stack
                0x0000000000000000        0x0 binaries/fputs.o
 .note.GNU-stack
                0x0000000000000000        0x0 binaries/fscanf.o
 .note.GNU-stack
                0x0000000000000000        0x0 binaries/getchar.o
 .note.GNU-stack
                0x0000000000000000        0x0 binaries/labs.o
 .note.GNU-stack
                0x0000000000000000        0x0 binaries/memchr.o
 .note.GNU-stack
                0x0000000000000000        0x0 binaries/memcmp.o
 .note.GNU-stack
                0x0000000000000000        0x0 binaries/memcpy.o
 .note.GNU-stack
                0x0000000000000000        0x0 binaries/memset.o
 .note.GNU-stack
                0x0000000000000000        0x0 binaries/printf.o
 .note.GNU-stack
                0x0000000000000000        0x0 binaries/putchar.o
 .note.GNU-stack
                0x0000000000000000        0x0 binaries/qsort.o
 .note.GNU-stack
                0x0000000000000000        0x0 binaries/rand.o
 .note.GNU-stack
                0x0000000000000000        0x0 binaries/sprintf.o
 .note.GNU-stack
                0x0000000000000000        0x0 binaries/sscanf.o
 .note.GNU-stack
                0x0000000000000000        0x0 binaries/strchr.o
 .note.GNU-stack
                0x0000000000000000        0x0 binaries/strcmp.o
 .note.GNU-stack
                0x0000000000000000        0x0 binaries/strcpy.o
 .note.GNU-stack
                0x0000000000000000        0x0 binaries/strlen.o
 .note.GNU-stack
                0x0000000000000000        0x0 binaries/strncat.o
 .note.GNU-stack
                0x0000000000000000        0x0 binaries/strncmp.o
 .note.GNU-stack
                0x0000000000000000        0x0 binaries/strncpy.o
 .note.GNU-stack
                0x0000000000000000        0x0 binaries/strnlen.o
 .note.GNU-stack
                0x0000000000000000        0x0 binaries/strrchr.o
 .note.GNU-stack
                0x0000000000000000        0x0 binaries/strstr.o
 .note.GNU-stack
                0x0000000000000000        0x0 binaries/ttycontrol.o
 .note.GNU-stack
                0x0000000000000000        0x0 binaries/ttygetc.o
 .note.GNU-stack
                0x0000000000000000        0x0 binaries/ttyhandle_in.o
 .note.GNU-stack
                0x0000000000000000        0x0 binaries/ttyhandle_out.o
 .note.GNU-stack
                0x0000000000000000        0x0 binaries/ttyhandler.o
 .note.GNU-stack
                0x0000000000000000        0x0 binaries/ttyinit.o
 .note.GNU-stack
                0x0000000000000000        0x0 binaries/ttykickout.o
 .note.GNU-stack
                0x0000000000000000        0x0 binaries/ttyputc.o
 .note.GNU-stack
                0x0000000000000000        0x0 binaries/ttyread.o
 .note.GNU-stack
                0x0000000000000000        0x0 binaries/ttywrite.o
 .note.GNU-stack
                0x0000000000000000        0x0 binaries/mount.o
 .note.GNU-stack
                0x0000000000000000        0x0 binaries/naminit.o
 .note.GNU-stack
                0x0000000000000000        0x0 binaries/nammap.o
 .note.GNU-stack
                0x0000000000000000        0x0 binaries/namopen.o
 .note.GNU-stack
                0x0000000000000000        0x0 binaries/ethcontrol.o
 .note.GNU-stack
                0x0000000000000000        0x0 binaries/ethhandler.o
 .note.GNU-stack
                0x0000000000000000        0x0 binaries/ethinit.o
 .note.GNU-stack
                0x0000000000000000        0x0 binaries/ethmcast.o
 .note.GNU-stack
                0x0000000000000000        0x0 binaries/ethread.o
 .note.GNU-stack
                0x0000000000000000        0x0 binaries/ethwrite.o
 .note.GNU-stack
                0x0000000000000000        0x0 binaries/rdsbufalloc.o
 .note.GNU-stack
                0x0000000000000000        0x0 binaries/rdsclose.o
 .note.GNU-stack
                0x0000000000000000        0x0 binaries/rdscomm.o
 .note.GNU-stack
                0x0000000000000000        0x0 binaries/rdscontrol.o
 .note.GNU-stack
                0x0000000000000000        0x0 binaries/rdsinit.o
 .note.GNU-stack
                0x0000000000000000        0x0 binaries/rdsopen.o
 .note.GNU-stack
                0x0000000000000000        0x0 binaries/rdsprocess.o
 .note.GNU-stack
                0x0000000000000000        0x0 binaries/rdsread.o
 .note.GNU-stack
                0x0000000000000000        0x0 binaries/rdswrite.o
 .note.GNU-stack
                0x0000000000000000        0x0 binaries/ramclose.o
 .note.GNU-stack
                0x0000000000000000        0x0 binaries/raminit.o
 .note.GNU-stack
                0x0000000000000000        0x0 binaries/ramopen.o
 .note.GNU-stack
                0x0000000000000000        0x0 binaries/ramread.o
 .note.GNU-stack
                0x0000000000000000        0x0 binaries/ramwrite.o
 .note.GNU-stack
                0x0000000000000000        0x0 binaries/lfdballoc.o
 .note.GNU-stack
                0x0000000000000000        0x0 binaries/lfdbfree.o
 .note.GNU-stack
                0x0000000000000000        0x0 binaries/lfflush.o
 .note.GNU-stack
                0x0000000000000000        0x0 binaries/lfgetmode.o
 .note.GNU-stack
                0x0000000000000000        0x0 binaries/lfiballoc.o
 .note.GNU-stack
                0x0000000000000000        0x0 binaries/lfibclear.o
 .note.GNU-stack
                0x0000000000000000        0x0 binaries/lfibget.o
 .note.GNU-stack
                0x0000000000000000        0x0 binaries/lfibput.o
 .note.GNU-stack
                0x0000000000000000        0x0 binaries/lflclose.o
 .note.GNU-stack
                0x0000000000000000        0x0 binaries/lflcontrol.o
 .note.GNU-stack
                0x0000000000000000        0x0 binaries/lflgetc.o
 .note.GNU-stack
                0x0000000000000000        0x0 binaries/lflinit.o
 .note.GNU-stack
                0x0000000000000000        0x0 binaries/lflputc.o
 .note.GNU-stack
                0x0000000000000000        0x0 binaries/lflread.o
 .note.GNU-stack
                0x0000000000000000        0x0 binaries/lflseek.o
 .note.GNU-stack
                0x0000000000000000        0x0 binaries/lflwrite.o
 .note.GNU-stack
                0x0000000000000000        0x0 binaries/lfscheck.o
 .note.GNU-stack
                0x0000000000000000        0x0 binaries/lfsckfmt.o
 .note.GNU-stack
                0x0000000000000000        0x0 binaries/lfscreate.o
 .note.GNU-stack
                0x0000000000000000        0x0 binaries/lfsetup.o
 .note.GNU-stack
                0x0000000000000000        0x0 binaries/lfsinit.o
 .note.GNU-stack
                0x0000000000000000        0x0 binaries/lfsopen.o
 .note.GNU-stack
                0x0000000000000000        0x0 binaries/lftruncate.o
 .note.GNU-stack
                0x0000000000000000        0x0 binaries/rflclose.o
 .note.GNU-stack
                0x0000000000000000        0x0 binaries/rflgetc.o
 .note.GNU-stack
                0x0000000000000000        0x0 binaries/rflinit.o
 .note.GNU-stack
                0x0000000000000000        0x0 binaries/rflputc.o
 .note.GNU-stack
                0x0000000000000000        0x0 binaries/rflread.o
 .note.GNU-stack
                0x0000000000000000        0x0 binaries/rflseek.o
 .note.GNU-stack
                0x0000000000000000        0x0 binaries/rflwrite.o
 .note.GNU-stack
                0x0000000000000000        0x0 binaries/rfscomm.o
 .note.GNU-stack
                0x0000000000000000        0x0 binaries/rfscontrol.o
 .note.GNU-stack
                0x0000000000000000        0x0 binaries/rfsgetmode.o
 .note.GNU-stack
                0x0000000000000000        0x0 binaries/rfsinit.o
 .note.GNU-stack
                0x0000000000000000        0x0 binaries/rfsndmsg.o
 .note.GNU-stack
                0x0000000000000000        0x0 binaries/rfsopen.o
 .note.GNU-stack
                0x0000000000000000        0x0 binaries/arp.o
 .note.GNU-stack
                0x0000000000000000        0x0 binaries/dhcp.o
 .note.GNU-stack
                0x0000000000000000        0x0 binaries/dns.o
 .note.GNU-stack
                0x0000000000000000        0x0 binaries/dot2ip.o
 .note.GNU-stack
                0x0000000000000000        0x0 binaries/hexdump.o
 .note.GNU-stack
                0x0000000000000000        0x0 binaries/icmp.o
 .note.GNU-stack
                0x0000000000000000        0x0 binaries/ip.o
 .note.GNU-stack
                0x0000000000000000        0x0 binaries/net.o
 .note.GNU-stack
                0x0000000000000000        0x0 binaries/pdump.o
 .note.GNU-stack
                0x0000000000000000        0x0 binaries/tftp.o
 .note.GNU-stack
                0x0000000000000000        0x0 binaries/udp.o
 .note.GNU-stack
                0x0000000000000000        0x0 binaries/addargs.o
 .note.GNU-stack
                0x0000000000000000        0x0 binaries/lexan.o
 .note.GNU-stack
                0x0000000000000000        0x0 binaries/shell.o
 .note.GNU-stack
                0x0000000000000000        0x0 binaries/xsh_argecho.o
 .note.GNU-stack
                0x0000000000000000        0x0 binaries/xsh_arp.o
 .note.GNU-stack
                0x0000000000000000        0x0 binaries/xsh_cat.o
 .note.GNU-stack
                0x0000000000000000        0x0 binaries/xsh_clear.o
 .note.GNU-stack
                0x0000000000000000        0x0 binaries/xsh_date.o
 .note.GNU-stack
                0x0000000000000000        0x0 binaries/xsh_devdump.o
 .note.GNU-stack
                0x0000000000000000        0x0 binaries/xsh_echo.o
 .note.GNU-stack
                0x0000000000000000        0x0 binaries/xsh_exit.o
 .note.GNU-stack
                0x0000000000000000        0x0 binaries/xsh_help.o
 .note.GNU-stack
                0x0000000000000000        0x0 binaries/xsh_kill.o
 .note.GNU-stack
                0x0000000000000000        0x0 binaries/xsh_memdump.o
 .note.GNU-stack
                0x0000000000000000        0x0 binaries/xsh_memstat.o
 .note.GNU-stack
                0x0000000000000000        0x0 binaries/xsh_netinfo.o
 .note.GNU-stack
                0x0000000000000000        0x0 binaries/xsh_ping.o
 .note.GNU-stack
                0x0000000000000000        0x0 binaries/xsh_ps.o
 .note.GNU-stack
                0x0000000000000000        0x0 binaries/xsh_sleep.o
 .note.GNU-stack
                0x0000000000000000        0x0 binaries/xsh_udpdump.o
 .note.GNU-stack
                0x0000000000000000        0x0 binaries/xsh_udpecho.o
 .note.GNU-stack
                0x0000000000000000        0x0 binaries/xsh_udpserver.o
 .note.GNU-stack
                0x0000000000000000        0x0 binaries/xsh_uptime.o
